TimeQuest Timing Analyzer report for bcdAdd
Wed Nov 12 21:21:20 2025
Quartus II 64-Bit Version 13.0.1 Build 232 06/12/2013 Service Pack 1 SJ Web Edition


---------------------
; Table of Contents ;
---------------------
  1. Legal Notice
  2. TimeQuest Timing Analyzer Summary
  3. Parallel Compilation
  4. Clocks
  5. Fmax Summary
  6. Setup Summary
  7. Hold Summary
  8. Recovery Summary
  9. Removal Summary
 10. Minimum Pulse Width Summary
 11. Propagation Delay
 12. Minimum Propagation Delay
 13. Clock Transfers
 14. Report TCCS
 15. Report RSKM
 16. Unconstrained Paths
 17. TimeQuest Timing Analyzer Messages



----------------
; Legal Notice ;
----------------
Copyright (C) 1991-2013 Altera Corporation
Your use of Altera Corporation's design tools, logic functions 
and other software and tools, and its AMPP partner logic 
functions, and any output files from any of the foregoing 
(including device programming or simulation files), and any 
associated documentation or information are expressly subject 
to the terms and conditions of the Altera Program License 
Subscription Agreement, Altera MegaCore Function License 
Agreement, or other applicable license agreement, including, 
without limitation, that your use is for the sole purpose of 
programming logic devices manufactured by Altera and sold by 
Altera or its authorized distributors.  Please refer to the 
applicable agreement for further details.



+----------------------------------------------------------------------------------------+
; TimeQuest Timing Analyzer Summary                                                      ;
+--------------------+-------------------------------------------------------------------+
; Quartus II Version ; Version 13.0.1 Build 232 06/12/2013 Service Pack 1 SJ Web Edition ;
; Revision Name      ; bcdAdd                                                            ;
; Device Family      ; MAX II                                                            ;
; Device Name        ; EPM1270T144C5                                                     ;
; Timing Models      ; Final                                                             ;
; Delay Model        ; Slow Model                                                        ;
; Rise/Fall Delays   ; Unavailable                                                       ;
+--------------------+-------------------------------------------------------------------+


Parallel compilation was disabled, but you have multiple processors available. Enable parallel compilation to reduce compilation time.
+-------------------------------------+
; Parallel Compilation                ;
+----------------------------+--------+
; Processors                 ; Number ;
+----------------------------+--------+
; Number detected on machine ; 4      ;
; Maximum allowed            ; 1      ;
+----------------------------+--------+


----------
; Clocks ;
----------
No clocks to report.


----------------
; Fmax Summary ;
----------------
No paths to report.


-----------------
; Setup Summary ;
-----------------
No paths to report.


----------------
; Hold Summary ;
----------------
No paths to report.


--------------------
; Recovery Summary ;
--------------------
No paths to report.


-------------------
; Removal Summary ;
-------------------
No paths to report.


-------------------------------
; Minimum Pulse Width Summary ;
-------------------------------
No paths to report.


+------------------------------------------------------+
; Propagation Delay                                    ;
+------------+-------------+--------+----+----+--------+
; Input Port ; Output Port ; RR     ; RF ; FR ; FF     ;
+------------+-------------+--------+----+----+--------+
; a0         ; y0          ; 9.976  ;    ;    ; 9.976  ;
; a0         ; y1          ; 16.175 ;    ;    ; 16.175 ;
; a0         ; y2          ; 15.248 ;    ;    ; 15.248 ;
; a0         ; y3          ; 17.792 ;    ;    ; 17.792 ;
; a0         ; y4Cout      ; 16.002 ;    ;    ; 16.002 ;
; a1         ; y1          ; 17.371 ;    ;    ; 17.371 ;
; a1         ; y2          ; 16.444 ;    ;    ; 16.444 ;
; a1         ; y3          ; 18.988 ;    ;    ; 18.988 ;
; a1         ; y4Cout      ; 17.198 ;    ;    ; 17.198 ;
; a2         ; y1          ; 16.511 ;    ;    ; 16.511 ;
; a2         ; y2          ; 15.584 ;    ;    ; 15.584 ;
; a2         ; y3          ; 18.128 ;    ;    ; 18.128 ;
; a2         ; y4Cout      ; 16.338 ;    ;    ; 16.338 ;
; a3         ; y1          ; 12.243 ;    ;    ; 12.243 ;
; a3         ; y2          ; 11.316 ;    ;    ; 11.316 ;
; a3         ; y3          ; 13.860 ;    ;    ; 13.860 ;
; a3         ; y4Cout      ; 12.070 ;    ;    ; 12.070 ;
; b0         ; y0          ; 10.103 ;    ;    ; 10.103 ;
; b0         ; y1          ; 16.305 ;    ;    ; 16.305 ;
; b0         ; y2          ; 15.378 ;    ;    ; 15.378 ;
; b0         ; y3          ; 17.922 ;    ;    ; 17.922 ;
; b0         ; y4Cout      ; 16.132 ;    ;    ; 16.132 ;
; b1         ; y1          ; 16.979 ;    ;    ; 16.979 ;
; b1         ; y2          ; 16.052 ;    ;    ; 16.052 ;
; b1         ; y3          ; 18.596 ;    ;    ; 18.596 ;
; b1         ; y4Cout      ; 16.806 ;    ;    ; 16.806 ;
; b2         ; y1          ; 15.771 ;    ;    ; 15.771 ;
; b2         ; y2          ; 14.844 ;    ;    ; 14.844 ;
; b2         ; y3          ; 17.388 ;    ;    ; 17.388 ;
; b2         ; y4Cout      ; 15.598 ;    ;    ; 15.598 ;
; b3         ; y1          ; 12.296 ;    ;    ; 12.296 ;
; b3         ; y2          ; 11.369 ;    ;    ; 11.369 ;
; b3         ; y3          ; 13.913 ;    ;    ; 13.913 ;
; b3         ; y4Cout      ; 12.123 ;    ;    ; 12.123 ;
+------------+-------------+--------+----+----+--------+


+------------------------------------------------------+
; Minimum Propagation Delay                            ;
+------------+-------------+--------+----+----+--------+
; Input Port ; Output Port ; RR     ; RF ; FR ; FF     ;
+------------+-------------+--------+----+----+--------+
; a0         ; y0          ; 9.976  ;    ;    ; 9.976  ;
; a0         ; y1          ; 13.251 ;    ;    ; 13.251 ;
; a0         ; y2          ; 12.326 ;    ;    ; 12.326 ;
; a0         ; y3          ; 14.867 ;    ;    ; 14.867 ;
; a0         ; y4Cout      ; 13.079 ;    ;    ; 13.079 ;
; a1         ; y1          ; 14.453 ;    ;    ; 14.453 ;
; a1         ; y2          ; 13.528 ;    ;    ; 13.528 ;
; a1         ; y3          ; 16.069 ;    ;    ; 16.069 ;
; a1         ; y4Cout      ; 14.281 ;    ;    ; 14.281 ;
; a2         ; y1          ; 15.037 ;    ;    ; 15.037 ;
; a2         ; y2          ; 14.111 ;    ;    ; 14.111 ;
; a2         ; y3          ; 16.649 ;    ;    ; 16.649 ;
; a2         ; y4Cout      ; 14.864 ;    ;    ; 14.864 ;
; a3         ; y1          ; 11.533 ;    ;    ; 11.533 ;
; a3         ; y2          ; 10.624 ;    ;    ; 10.624 ;
; a3         ; y3          ; 13.162 ;    ;    ; 13.162 ;
; a3         ; y4Cout      ; 11.363 ;    ;    ; 11.363 ;
; b0         ; y0          ; 10.103 ;    ;    ; 10.103 ;
; b0         ; y1          ; 13.381 ;    ;    ; 13.381 ;
; b0         ; y2          ; 12.456 ;    ;    ; 12.456 ;
; b0         ; y3          ; 14.997 ;    ;    ; 14.997 ;
; b0         ; y4Cout      ; 13.209 ;    ;    ; 13.209 ;
; b1         ; y1          ; 14.055 ;    ;    ; 14.055 ;
; b1         ; y2          ; 13.130 ;    ;    ; 13.130 ;
; b1         ; y3          ; 15.671 ;    ;    ; 15.671 ;
; b1         ; y4Cout      ; 13.883 ;    ;    ; 13.883 ;
; b2         ; y1          ; 14.301 ;    ;    ; 14.301 ;
; b2         ; y2          ; 13.375 ;    ;    ; 13.375 ;
; b2         ; y3          ; 15.913 ;    ;    ; 15.913 ;
; b2         ; y4Cout      ; 14.128 ;    ;    ; 14.128 ;
; b3         ; y1          ; 11.588 ;    ;    ; 11.588 ;
; b3         ; y2          ; 10.679 ;    ;    ; 10.679 ;
; b3         ; y3          ; 13.217 ;    ;    ; 13.217 ;
; b3         ; y4Cout      ; 11.418 ;    ;    ; 11.418 ;
+------------+-------------+--------+----+----+--------+


-------------------
; Clock Transfers ;
-------------------
Nothing to report.


---------------
; Report TCCS ;
---------------
No dedicated SERDES Transmitter circuitry present in device or used in design


---------------
; Report RSKM ;
---------------
No dedicated SERDES Receiver circuitry present in device or used in design


+------------------------------------------------+
; Unconstrained Paths                            ;
+---------------------------------+-------+------+
; Property                        ; Setup ; Hold ;
+---------------------------------+-------+------+
; Illegal Clocks                  ; 0     ; 0    ;
; Unconstrained Clocks            ; 0     ; 0    ;
; Unconstrained Input Ports       ; 8     ; 8    ;
; Unconstrained Input Port Paths  ; 34    ; 34   ;
; Unconstrained Output Ports      ; 5     ; 5    ;
; Unconstrained Output Port Paths ; 34    ; 34   ;
+---------------------------------+-------+------+


+------------------------------------+
; TimeQuest Timing Analyzer Messages ;
+------------------------------------+
Info: *******************************************************************
Info: Running Quartus II 64-Bit TimeQuest Timing Analyzer
    Info: Version 13.0.1 Build 232 06/12/2013 Service Pack 1 SJ Web Edition
    Info: Processing started: Wed Nov 12 21:21:04 2025
Info: Command: quartus_sta bcdAdd -c bcdAdd
Info: qsta_default_script.tcl version: #1
Warning (20028): Parallel compilation is not licensed and has been disabled
Info (21077): Low junction temperature is 0 degrees C
Info (21077): High junction temperature is 85 degrees C
Info (306004): Started post-fitting delay annotation
Info (306005): Delay annotation completed successfully
Critical Warning (332012): Synopsys Design Constraints File file not found: 'bcdAdd.sdc'. A Synopsys Design Constraints File is required by the TimeQuest Timing Analyzer to get proper timing constraints. Without it, the Compiler will not properly optimize the design.
Info (332142): No user constrained base clocks found in the design. Calling "derive_clocks -period 1.0"
Info (332096): The command derive_clocks did not find any clocks to derive.  No clocks were created or changed.
Warning (332068): No clocks defined in design.
Info: Found TIMEQUEST_REPORT_SCRIPT_INCLUDE_DEFAULT_ANALYSIS = ON
Info (332159): No clocks to report
Info (332140): No fmax paths to report
Info (332140): No Setup paths to report
Info (332140): No Hold paths to report
Info (332140): No Recovery paths to report
Info (332140): No Removal paths to report
Info (332140): No Minimum Pulse Width paths to report
Info (332001): The selected device family is not supported by the report_metastability command.
Info (332102): Design is not fully constrained for setup requirements
Info (332102): Design is not fully constrained for hold requirements
Info: Quartus II 64-Bit TimeQuest Timing Analyzer was successful. 0 errors, 3 warnings
    Info: Peak virtual memory: 4531 megabytes
    Info: Processing ended: Wed Nov 12 21:21:20 2025
    Info: Elapsed time: 00:00:16
    Info: Total CPU time (on all processors): 00:00:01


